hello there sir!
what is UofA's current losing streak?
well, that's all I have for you today sir. Goodbye!
3
